// Jest Snapshot v1, https://goo.gl/fbAQLP

exports[`Pruebas en el componente <SearchScreen/> Debe de mostrar el componente correctamente 1`] = `
<div>
  <h1>
    Search Screen
  </h1>
  <hr />
  <div
    className="row"
  >
    <div
      className="col-5"
    >
      <h4>
         Search Form 
      </h4>
      <hr />
      <form
        onSubmit={[Function]}
      >
        <input
          className="form-control"
          name="name"
          onChange={[Function]}
          placeholder="Find your hero"
          type="text"
          value=""
        />
        <button
          className="btn m-1 btn-clock btn-outline-primary"
          type="submit"
        >
          Search...
        </button>
      </form>
    </div>
    <div
      className="col-7"
    >
      <h4>
        Results
      </h4>
      <hr />
    </div>
  </div>
</div>
`;
